=== RUN   TestMemoryStore
--- PASS: TestMemoryStore (0.00s)
=== RUN   TestMVCCEncoding
--- PASS: TestMVCCEncoding (0.00s)
=== RUN   TestMVCCGet
    storage_test.go:103: ReadTs 10: want v10, got 
    storage_test.go:103: ReadTs 15: want v10, got 
    storage_test.go:103: ReadTs 20: want v20, got 
    storage_test.go:103: ReadTs 25: want v20, got 
    storage_test.go:103: ReadTs 30: want v30, got 
    storage_test.go:103: ReadTs 100: want v30, got 
--- FAIL: TestMVCCGet (0.00s)
FAIL
FAIL	github.com/myuser/sharddb/internal/storage	0.047s
=== RUN   TestWAL
--- PASS: TestWAL (0.01s)
PASS
ok  	github.com/myuser/sharddb/internal/storage/wal	(cached)
FAIL
ਊਊਊ